AI CHESSATHON MATCH LOG
=======================

MATCH
  Round          Rated 81
  Team           Karvaxis
  Colour         White
  Opponent       Clanfinn
  Opening        Scotch Game
  Start FEN      r1bqk2r/p1pp1ppp/2p2n2/8/1b2P3/2NB4/PPP2PPP/R1BQK2R b KQkq - 1 7
  You moved      Second
  Machine        w-7e09b1
  Finished       2026-09-09 12:31:50 UTC
  Match ID       f88dd829-e3e3-4920-9e33-31c7d582e9c4

INIT
  Ready in       0.5 s
  Budget         90.0 s
  Used           1 percent

CLOCK
  Base           120.0 s plus 0.5 s per move
  Moves          66
  Time used      133.8 s
  Slowest        3.7 s on move 17
  Fastest        0.0 s on move 66
  Average        2.0 s
  Left at end    19.2 s

RESULT
  Won by checkmate
  Game lasted 279.6 s

MOVES
    #  move          time     clock left
    1  bxc3          3.3 s      117.2 s
    2  e5            3.3 s      114.5 s
    3  Qe2           1.9 s      113.1 s
    4  Bf4           3.3 s      110.3 s
    5  h3            3.3 s      107.5 s
    6  Bxe5          2.9 s      105.1 s
    7  f4            2.7 s      102.8 s
    8  fxe5          3.2 s      100.2 s
    9  O-O           3.2 s       97.5 s
   10  Qf2           3.5 s       94.5 s
   11  Qf7+          3.5 s       91.6 s
   12  Rf2           3.2 s       88.9 s
   13  Qxc7          2.7 s       86.7 s
   14  Qxa7          2.8 s       84.4 s
   15  Ba6           3.2 s       81.7 s
   16  Qxc5          2.7 s       79.5 s
   17  Bb5           3.7 s       76.3 s
   18  Qd4           2.0 s       74.8 s
   19  Rf4           2.8 s       72.5 s
   20  c4            3.2 s       69.8 s
   21  cxd5          3.1 s       67.2 s
   22  c4            3.1 s       64.6 s
   23  Bxc6          3.5 s       61.6 s
   24  Rf5           2.0 s       60.1 s
   25  Rd5           2.3 s       58.4 s
   26  Rf1           3.3 s       55.5 s
   27  Rf7           3.2 s       52.8 s
   28  Rxd8+         2.3 s       51.0 s
   29  Qxd8+         1.7 s       49.8 s
   30  Qd5           1.6 s       48.6 s
   31  Kf2           2.8 s       46.3 s
   32  Ke2           1.7 s       45.1 s
   33  Kd3           2.6 s       43.0 s
   34  Ke4           1.8 s       41.7 s
   35  Qe5           1.4 s       40.9 s
   36  Ke3           1.9 s       39.5 s
   37  Qd4           2.0 s       38.0 s
   38  Ke4           1.9 s       36.6 s
   39  Kf3           2.1 s       34.9 s
   40  Qd5+          1.8 s       33.7 s
   41  c5            2.0 s       32.2 s
   42  Ke4           1.3 s       31.4 s
   43  Qf5+          1.8 s       30.0 s
   44  Qe6+          1.3 s       29.3 s
   45  Qd6+          1.2 s       28.6 s
   46  Qd7+          1.2 s       27.9 s
   47  Qd8+          1.3 s       27.1 s
   48  Qc7+          1.1 s       26.4 s
   49  Qf4+          1.3 s       25.7 s
   50  Qf3           1.5 s       24.6 s
   51  Ke5           1.5 s       23.7 s
   52  Qd5+          0.9 s       23.3 s
   53  Kxd5          1.1 s       22.6 s
   54  a4            1.4 s       21.8 s
   55  a5            1.2 s       21.1 s
   56  a6            1.2 s       20.3 s
   57  a7            1.1 s       19.8 s
   58  a8=Q          0.9 s       19.3 s
   59  Qh8           0.6 s       19.2 s
   60  g4            0.9 s       18.8 s
   61  Kd6           0.7 s       18.6 s
   62  Qxh6          0.7 s       18.4 s
   63  Qxg5+         1.1 s       17.9 s
   64  Ke6           0.1 s       18.2 s
   65  Kf7           0.0 s       18.7 s
   66  Qg8#          0.0 s       19.2 s

OUTPUT
  Nothing written to stderr

Email hello@aichessathon.com with this file if anything here is unclear.
