AI CHESSATHON MATCH LOG
=======================

MATCH
  Round          Rated 68
  Team           Karvaxis
  Colour         White
  Opponent       Hopkins Chess
  Opening        Caro-Kann Exchange
  Start FEN      r1bqkb1r/pp2pppp/2n2n2/3p4/3P4/2PB4/PP1N1PPP/R1BQK1NR b KQkq - 2 6
  You moved      Second
  Machine        w-7244f8
  Finished       2026-09-08 14:22:25 UTC
  Match ID       d263d71b-84aa-454a-9787-f28e1627453a

INIT
  Ready in       0.5 s
  Budget         90.0 s
  Used           1 percent

CLOCK
  Base           120.0 s plus 0.5 s per move
  Moves          22
  Time used      56.1 s
  Slowest        3.8 s on move 19
  Fastest        0.0 s on move 22
  Average        2.5 s
  Left at end    74.9 s

RESULT
  Lost by checkmate
  Game lasted 115.3 s

MOVES
    #  move          time     clock left
    1  Bb5           2.3 s      118.2 s
    2  Bxc6+         2.4 s      116.3 s
    3  Ne2           2.4 s      114.4 s
    4  f3            1.7 s      113.2 s
    5  fxe4          2.2 s      111.5 s
    6  Qa4           3.4 s      108.6 s
    7  Qxc6          3.4 s      105.7 s
    8  Qxa8          2.9 s      103.3 s
    9  Kf2           1.7 s      102.1 s
   10  Kg1           2.0 s      100.6 s
   11  Nf1           3.4 s       97.7 s
   12  Qxc8          3.6 s       94.7 s
   13  Kg2           3.6 s       91.5 s
   14  Kh3           3.6 s       88.4 s
   15  e5            3.6 s       85.3 s
   16  Ng3           3.1 s       82.8 s
   17  Kg4           3.7 s       79.6 s
   18  Kxh5          2.3 s       77.7 s
   19  Kg5           3.8 s       74.4 s
   20  Kf4           0.9 s       74.1 s
   21  Kf5           0.1 s       74.4 s
   22  Kg4           0.0 s       74.9 s

OUTPUT
  Nothing written to stderr

Email hello@aichessathon.com with this file if anything here is unclear.
