AI CHESSATHON MATCH LOG
=======================

MATCH
  Round          Rated 77
  Team           Karvaxis
  Colour         White
  Opponent       Pawxn
  Opening        King's Indian Classical
  Start FEN      r1bq1rk1/ppp2pbp/2np1np1/3Pp3/2P1P3/P1N2N2/1P2BPPP/R1BQK2R b KQ - 0 8
  You moved      Second
  Machine        w-5b139f
  Finished       2026-09-09 08:31:04 UTC
  Match ID       6cfd375a-d2f7-44c9-ba89-11bfd706ea3d

INIT
  Ready in       0.5 s
  Budget         90.0 s
  Used           1 percent

CLOCK
  Base           120.0 s plus 0.5 s per move
  Moves          60
  Time used      126.3 s
  Slowest        4.1 s on move 20
  Fastest        0.0 s on move 60
  Average        2.1 s
  Left at end    23.7 s

RESULT
  Won by checkmate
  Game lasted 241.0 s

MOVES
    #  move          time     clock left
    1  O-O           2.8 s      117.7 s
    2  Qb3           2.3 s      115.9 s
    3  Re1           2.0 s      114.4 s
    4  Be3           3.5 s      111.4 s
    5  Bd2           2.5 s      109.3 s
    6  h3            2.4 s      107.5 s
    7  Bd3           2.3 s      105.7 s
    8  Be3           3.6 s      102.5 s
    9  Bxf4          2.2 s      100.9 s
   10  Ne2           3.7 s       97.7 s
   11  Ned4          3.7 s       94.5 s
   12  Rad1          2.2 s       92.8 s
   13  Ne2           2.4 s       90.9 s
   14  Qc2           3.5 s       87.8 s
   15  Ned4          2.7 s       85.7 s
   16  hxg4          2.1 s       84.1 s
   17  Rd2           2.9 s       81.7 s
   18  Be2           3.3 s       78.9 s
   19  Nf5           3.3 s       76.1 s
   20  N3d4          4.1 s       72.5 s
   21  Nxf5          2.9 s       70.1 s
   22  Rdd1          3.3 s       67.3 s
   23  Bf3           3.7 s       64.0 s
   24  Nd4           2.9 s       61.6 s
   25  Nxf3          3.0 s       59.2 s
   26  Qd2           3.2 s       56.4 s
   27  Nd4           2.0 s       54.9 s
   28  Nf5+          1.8 s       53.7 s
   29  Rc1           3.1 s       51.1 s
   30  Rxc7          1.8 s       49.8 s
   31  Qxf4          2.5 s       47.8 s
   32  Qxh6+         1.6 s       46.7 s
   33  Qe3           2.7 s       44.5 s
   34  Nh6+          1.9 s       43.1 s
   35  Nxf7          2.5 s       41.1 s
   36  Nxd6+         1.7 s       39.9 s
   37  Nxe8          2.3 s       38.1 s
   38  Ra7           1.3 s       37.3 s
   39  Qg3+          2.2 s       35.6 s
   40  Qxg5+         1.3 s       34.8 s
   41  Rxa6          2.0 s       33.2 s
   42  d6            1.5 s       32.2 s
   43  Re2           1.9 s       30.8 s
   44  e5            1.3 s       30.0 s
   45  e6            1.1 s       29.4 s
   46  d7            0.9 s       29.0 s
   47  Kh2           1.3 s       28.2 s
   48  e7            1.7 s       27.0 s
   49  Rxe7          1.0 s       26.5 s
   50  Ra8           1.2 s       25.8 s
   51  Rf7+          1.1 s       25.2 s
   52  Rg8+          1.0 s       24.7 s
   53  axb4          0.8 s       24.4 s
   54  Kg3           1.2 s       23.6 s
   55  Kf4           1.3 s       22.8 s
   56  d8=Q          1.0 s       22.3 s
   57  Rxd8          0.4 s       22.4 s
   58  Rc7           0.2 s       22.7 s
   59  Rd6           0.0 s       23.2 s
   60  Rh7#          0.0 s       23.7 s

OUTPUT
  Nothing written to stderr

Email hello@aichessathon.com with this file if anything here is unclear.
