AI CHESSATHON MATCH LOG
=======================

MATCH
  Round          Rated 74
  Team           Karvaxis
  Colour         Black
  Opponent       Sassori
  Opening        London System
  Start FEN      r1bqkb1r/pp3ppp/2n1pn2/2pp4/3P4/2P1P1B1/PP1N1PPP/R2QKBNR b KQkq - 1 6
  You moved      First
  Machine        w-2118a6
  Finished       2026-09-08 20:28:36 UTC
  Match ID       35f93e15-d6e1-4033-b95a-d48047583ef8

INIT
  Ready in       0.6 s
  Budget         90.0 s
  Used           1 percent

CLOCK
  Base           120.0 s plus 0.5 s per move
  Moves          68
  Time used      136.7 s
  Slowest        3.9 s on move 22
  Fastest        0.0 s on move 68
  Average        2.0 s
  Left at end    17.3 s

RESULT
  Won by checkmate
  Game lasted 255.7 s

MOVES
    #  move          time     clock left
    1  Bd6           2.8 s      117.7 s
    2  Qxd6          3.1 s      115.1 s
    3  Qxc5          2.9 s      112.7 s
    4  e5            1.8 s      111.4 s
    5  O-O           3.2 s      108.7 s
    6  Qb6           1.6 s      107.6 s
    7  Ne4           2.8 s      105.3 s
    8  Nxf2          3.3 s      102.5 s
    9  Qxe3+         2.7 s      100.4 s
   10  Bf5+          2.8 s       98.0 s
   11  Be4           3.2 s       95.3 s
   12  Bxd5          3.4 s       92.4 s
   13  Nd3           2.1 s       90.9 s
   14  bxc6          2.8 s       88.6 s
   15  Qe2           2.1 s       87.0 s
   16  Rfb8          2.9 s       84.6 s
   17  Qxg2          2.4 s       82.7 s
   18  Rc8           2.0 s       81.2 s
   19  Rd8           3.8 s       77.9 s
   20  Qf2           3.2 s       75.2 s
   21  Rac8          3.9 s       71.9 s
   22  Nxb4          3.9 s       68.5 s
   23  Qxg1+         3.0 s       66.0 s
   24  Rxd2          3.4 s       63.0 s
   25  Rxa2+         2.2 s       61.3 s
   26  Ra4           3.5 s       58.3 s
   27  Na2           3.1 s       55.7 s
   28  a6            3.0 s       53.3 s
   29  Rb4           2.6 s       51.2 s
   30  Rxb3          2.6 s       49.0 s
   31  Re8           2.5 s       47.0 s
   32  Re2           2.7 s       44.8 s
   33  Rh2           2.0 s       43.3 s
   34  Rxh4          2.5 s       41.3 s
   35  Kf8           1.9 s       39.9 s
   36  Ke7           1.8 s       38.5 s
   37  Kd6           1.6 s       37.5 s
   38  Kc5           1.8 s       36.2 s
   39  Kb6           1.5 s       35.2 s
   40  Rg4           1.7 s       34.0 s
   41  Kc5           1.7 s       32.9 s
   42  Kd6           1.5 s       31.9 s
   43  Ke5           1.5 s       30.8 s
   44  Ke6           1.8 s       29.6 s
   45  Kd6           1.6 s       28.5 s
   46  Ke5           1.0 s       28.0 s
   47  Kd5           1.7 s       26.8 s
   48  Rf4           1.5 s       25.9 s
   49  Kd6           1.4 s       25.0 s
   50  Kc7           1.2 s       24.3 s
   51  Kxc6          1.2 s       23.6 s
   52  Rf5           1.0 s       23.1 s
   53  Kc7           1.3 s       22.3 s
   54  Rf6           0.9 s       21.9 s
   55  Rxf7          1.0 s       21.4 s
   56  Re7           1.1 s       20.8 s
   57  Rd7           0.9 s       20.3 s
   58  Kb6           1.1 s       19.7 s
   59  Rc7           1.2 s       19.0 s
   60  Kc5           0.9 s       18.7 s
   61  Kd4           0.7 s       18.5 s
   62  Rb7+          1.1 s       17.9 s
   63  Kc5           1.1 s       17.3 s
   64  Rb8           0.9 s       16.8 s
   65  Kc4           1.0 s       16.3 s
   66  Kc3           0.5 s       16.3 s
   67  Kc2           0.0 s       16.8 s
   68  Ra8#          0.0 s       17.3 s

OUTPUT
  Nothing written to stderr

Email hello@aichessathon.com with this file if anything here is unclear.
