AI CHESSATHON MATCH LOG
=======================

MATCH
  Round          Rated 88
  Team           Karvaxis
  Colour         White
  Opponent       tal
  Opening        Reti Opening
  Start FEN      rnbqk2r/ppp1bppp/4pn2/3p4/2P5/3P1NP1/PP2PPBP/RNBQK2R b KQkq - 0 5
  You moved      Second
  Machine        w-5b139f
  Finished       2026-09-09 19:23:33 UTC
  Match ID       6c6b0510-2f5b-4c77-931e-94429cbd842f

INIT
  Ready in       18.0 s
  Budget         90.0 s
  Used           20 percent

CLOCK
  Base           120.0 s plus 0.5 s per move
  Moves          30
  Time used      63.1 s
  Slowest        4.5 s on move 23
  Fastest        0.0 s on move 29
  Average        2.1 s
  Left at end    71.9 s

RESULT
  Won by checkmate
  Game lasted 143.3 s

MOVES
    #  move          time     clock left
    1  O-O           1.8 s      118.7 s
    2  Nbd2          2.6 s      116.6 s
    3  Ne4           3.2 s      113.9 s
    4  dxe4          0.8 s      113.6 s
    5  Qb3           1.0 s      113.1 s
    6  Rd1           3.3 s      110.3 s
    7  Qc2           1.3 s      109.5 s
    8  Bd2           1.1 s      108.9 s
    9  bxa3          1.8 s      107.6 s
   10  Rdb1          3.6 s      104.5 s
   11  Rb3           3.6 s      101.3 s
   12  Bh3           3.1 s       98.7 s
   13  Bxc8          1.1 s       98.2 s
   14  Bxb7          2.6 s       96.1 s
   15  Qe4           2.6 s       94.0 s
   16  Bxc6          3.9 s       90.6 s
   17  Bd5+          2.6 s       88.5 s
   18  Qxd5+         2.0 s       87.1 s
   19  Be1           4.1 s       83.5 s
   20  Rab1          2.3 s       81.6 s
   21  Ba5           3.4 s       78.7 s
   22  f3            1.5 s       77.7 s
   23  f4            4.5 s       73.7 s
   24  Rb8           3.4 s       70.9 s
   25  Qxc5          1.9 s       69.4 s
   26  Rxg8+         0.0 s       69.9 s
   27  Qd5+          0.0 s       70.4 s
   28  Rb8+          0.0 s       70.9 s
   29  Bb4+          0.0 s       71.4 s
   30  Rxd8#         0.0 s       71.9 s

OUTPUT
  Nothing written to stderr

Email hello@aichessathon.com with this file if anything here is unclear.
