AI CHESSATHON MATCH LOG
=======================

MATCH
  Round          Rated 87
  Team           Karvaxis
  Colour         White
  Opponent       darKnight
  Opening        Queen's Indian Defence
  Start FEN      rn1q1rk1/pbppbppp/1p2pn2/8/2PP4/5NP1/PP2PPBP/RNBQR1K1 b - - 6 7
  You moved      Second
  Machine        w-3269be
  Finished       2026-09-09 18:25:59 UTC
  Match ID       5a803dbc-2888-483c-8e3b-8687da44b100

INIT
  Ready in       18.4 s
  Budget         90.0 s
  Used           20 percent

CLOCK
  Base           120.0 s plus 0.5 s per move
  Moves          23
  Time used      40.7 s
  Slowest        3.3 s on move 14
  Fastest        0.0 s on move 20
  Average        1.8 s
  Left at end    90.8 s

RESULT
  Won by checkmate
  Game lasted 110.7 s

MOVES
    #  move          time     clock left
    1  cxd5          1.9 s      118.6 s
    2  Nc3           1.3 s      117.8 s
    3  Nd2           2.3 s      116.0 s
    4  Ndxe4         2.9 s      113.6 s
    5  Qb3           1.4 s      112.6 s
    6  Qxc3          3.2 s      109.9 s
    7  Bf4           2.3 s      108.1 s
    8  Red1          2.8 s      105.8 s
    9  d5            1.7 s      104.6 s
   10  d6            1.9 s      103.1 s
   11  Rxd6          2.6 s      101.0 s
   12  Qb3+          1.8 s       99.7 s
   13  Qf7           1.2 s       99.0 s
   14  Rc1           3.3 s       96.2 s
   15  Rc7           1.8 s       94.9 s
   16  Rxe7          2.8 s       92.6 s
   17  Qh5           2.4 s       90.7 s
   18  Be5           3.0 s       88.3 s
   19  Rh6           0.0 s       88.8 s
   20  Bf1           0.0 s       89.3 s
   21  Kxf1          0.0 s       89.8 s
   22  Rxh7+         0.0 s       90.3 s
   23  Rh8#          0.0 s       90.8 s

OUTPUT
  Nothing written to stderr

Email hello@aichessathon.com with this file if anything here is unclear.
