AI CHESSATHON MATCH LOG
=======================

MATCH
  Round          Rated 76
  Team           Karvaxis
  Colour         Black
  Opponent       404 Not Found
  Opening        French Winawer
  Start FEN      rnbqk2r/pp2nppp/4p3/2ppP3/3P4/P1P2N2/2P2PPP/R1BQKB1R b KQkq - 2 7
  You moved      First
  Machine        w-f11554
  Finished       2026-09-09 07:27:43 UTC
  Match ID       84e4c041-8f6a-4b9a-8577-36cca9da7c7a

INIT
  Ready in       0.5 s
  Budget         90.0 s
  Used           1 percent

CLOCK
  Base           120.0 s plus 0.5 s per move
  Moves          64
  Time used      131.2 s
  Slowest        4.2 s on move 22
  Fastest        0.0 s on move 64
  Average        2.1 s
  Left at end    20.8 s

RESULT
  Lost by checkmate
  Game lasted 155.8 s

MOVES
    #  move          time     clock left
    1  Qa5           2.1 s      118.4 s
    2  Nbc6          2.2 s      116.7 s
    3  O-O           2.1 s      115.1 s
    4  c4            2.1 s      113.5 s
    5  Bd7           2.0 s      112.0 s
    6  f6            2.4 s      110.1 s
    7  Rxf6          2.1 s      108.5 s
    8  Rf7           2.2 s      106.8 s
    9  Re8           3.5 s      103.7 s
   10  Rff8          3.6 s      100.7 s
   11  Qc7           3.6 s       97.6 s
   12  e5            2.5 s       95.6 s
   13  Nxe5          2.9 s       93.2 s
   14  Qxe5          2.4 s       91.3 s
   15  Bc6           2.6 s       89.2 s
   16  Ng6           1.9 s       87.8 s
   17  Nf4           3.5 s       84.8 s
   18  Ne6           4.0 s       81.3 s
   19  Qxe6          3.8 s       78.1 s
   20  Rd8           4.0 s       74.6 s
   21  Rfe8          2.3 s       72.8 s
   22  Qd6           4.2 s       69.1 s
   23  a6            3.5 s       66.1 s
   24  Qd7           3.2 s       63.4 s
   25  Rxd7          2.1 s       61.9 s
   26  Kf7           3.5 s       58.8 s
   27  Rde7          3.2 s       56.1 s
   28  Re2           2.8 s       53.8 s
   29  Re1           1.9 s       52.4 s
   30  Rxc1          2.4 s       50.5 s
   31  Re1           2.9 s       48.1 s
   32  Rh1           2.3 s       46.3 s
   33  Bd7+          2.4 s       44.4 s
   34  Rh3+          2.6 s       42.3 s
   35  Bc6           1.3 s       41.5 s
   36  Rxc3          2.1 s       39.9 s
   37  Rh3           1.7 s       38.8 s
   38  Rh4+          1.4 s       37.9 s
   39  Rxh5          1.8 s       36.5 s
   40  Kg6           1.5 s       35.6 s
   41  h6            1.3 s       34.7 s
   42  Rh1           2.0 s       33.2 s
   43  Kh7           1.4 s       32.3 s
   44  Kg8           1.1 s       31.8 s
   45  Rg1+          1.6 s       30.7 s
   46  Rc1           0.9 s       30.3 s
   47  Kf8           1.8 s       29.0 s
   48  Ke8           1.1 s       28.4 s
   49  Re1           1.4 s       27.5 s
   50  Ra1           1.5 s       26.5 s
   51  h5            0.8 s       26.2 s
   52  Rh1+          1.6 s       25.1 s
   53  Rg1+          1.0 s       24.6 s
   54  Re1           1.5 s       23.6 s
   55  Rf1+          1.2 s       22.9 s
   56  Kd7           1.4 s       22.1 s
   57  Re1+          0.7 s       21.8 s
   58  Re8           1.3 s       21.0 s
   59  Kd6           0.9 s       20.6 s
   60  Bxe8          0.9 s       20.2 s
   61  b5            1.2 s       19.6 s
   62  Kc7           0.3 s       19.8 s
   63  Kb7           0.0 s       20.3 s
   64  Kc6           0.0 s       20.8 s

OUTPUT
  Nothing written to stderr

Email hello@aichessathon.com with this file if anything here is unclear.
