AI CHESSATHON MATCH LOG
=======================

MATCH
  Round          Rated 85
  Team           Karvaxis
  Colour         Black
  Opponent       The Good Team
  Opening        Sicilian Sveshnikov
  Start FEN      r1bqkb1r/1p3ppp/p1np1n2/4p3/P3P3/N1N5/1PP2PPP/R1BQKB1R b KQkq - 1 8
  You moved      First
  Machine        w-e5344b
  Finished       2026-09-09 16:30:03 UTC
  Match ID       3f4c9c52-8d87-48d8-a901-9b535a8f4cda

INIT
  Ready in       0.5 s
  Budget         90.0 s
  Used           1 percent

CLOCK
  Base           120.0 s plus 0.5 s per move
  Moves          142
  Time used      179.5 s
  Slowest        4.1 s on move 20
  Fastest        0.0 s on move 142
  Average        1.3 s
  Left at end    11.5 s

RESULT
  Won by checkmate
  Game lasted 309.4 s

MOVES
    #  move          time     clock left
    1  Bg4           2.1 s      118.4 s
    2  Be6           3.3 s      115.6 s
    3  h6            2.5 s      113.7 s
    4  Be7           2.9 s      111.3 s
    5  O-O           2.8 s      108.9 s
    6  fxe6          2.7 s      106.8 s
    7  Rb8           2.6 s      104.7 s
    8  Re8           1.6 s      103.5 s
    9  d5            2.7 s      101.3 s
   10  Qd7           3.3 s       98.5 s
   11  exd5          2.7 s       96.2 s
   12  d4            3.7 s       93.1 s
   13  Qe6           2.0 s       91.6 s
   14  Nd5           2.4 s       89.7 s
   15  Rbd8          2.3 s       87.9 s
   16  Bxc5          3.9 s       84.5 s
   17  Qf7           2.7 s       82.2 s
   18  Qc7           3.5 s       79.2 s
   19  Nce7          3.7 s       76.0 s
   20  Nxf5          4.1 s       72.4 s
   21  Kh7           3.2 s       69.7 s
   22  Nf4           2.0 s       68.2 s
   23  dxc3          2.5 s       66.2 s
   24  Qxc3+         3.0 s       63.7 s
   25  Rf8           3.6 s       60.7 s
   26  Rxd1+         2.3 s       58.9 s
   27  Rxf5          3.3 s       56.1 s
   28  Rh5           1.7 s       54.8 s
   29  Ng6           2.7 s       52.6 s
   30  Rxh4          2.4 s       50.7 s
   31  Rh3           1.9 s       49.2 s
   32  Rh2+          2.1 s       47.7 s
   33  Kg8           2.4 s       45.8 s
   34  Rd2           1.5 s       44.7 s
   35  Rd5           1.6 s       43.6 s
   36  Kf7           2.5 s       41.6 s
   37  Kf6           2.1 s       40.0 s
   38  Rd7           1.1 s       39.3 s
   39  Rc7           2.0 s       37.8 s
   40  Re7           2.2 s       36.1 s
   41  Kf5           1.7 s       34.9 s
   42  Ke6           2.0 s       33.4 s
   43  Rf7           2.0 s       31.9 s
   44  Nxe5          1.8 s       30.7 s
   45  Rc7+          1.4 s       29.7 s
   46  Kf5           1.1 s       29.1 s
   47  Kxf4          1.5 s       28.1 s
   48  Kf5           1.7 s       26.9 s
   49  Ke5           1.2 s       26.3 s
   50  Kd4           1.1 s       25.6 s
   51  Rc3+          1.1 s       25.1 s
   52  Ke5           1.5 s       24.1 s
   53  Ke6           1.3 s       23.3 s
   54  Rc7           1.0 s       22.8 s
   55  Kd6           1.3 s       22.0 s
   56  Ke5           1.3 s       21.2 s
   57  Kd4           0.8 s       20.9 s
   58  Kc4           1.3 s       20.1 s
   59  Rf7           0.9 s       19.7 s
   60  Re7           1.2 s       19.0 s
   61  Kd4           1.1 s       18.4 s
   62  Re4           0.7 s       18.3 s
   63  Ke5           1.1 s       17.6 s
   64  Re3           0.8 s       17.4 s
   65  Ke6           0.8 s       17.1 s
   66  Rf3           0.9 s       16.7 s
   67  Kd6           1.0 s       16.1 s
   68  Rg3           0.7 s       15.9 s
   69  Kc6           0.8 s       15.7 s
   70  Kd7           0.7 s       15.5 s
   71  Kc7           0.8 s       15.2 s
   72  Rd3           0.9 s       14.8 s
   73  Rd7           0.7 s       14.6 s
   74  h5            0.7 s       14.4 s
   75  h4            0.9 s       14.0 s
   76  h3            0.7 s       13.8 s
   77  Rd3           0.7 s       13.6 s
   78  h2            0.5 s       13.5 s
   79  Kd6           0.9 s       13.2 s
   80  Rd2           0.6 s       13.1 s
   81  Rg2           0.8 s       12.7 s
   82  Ke5           0.5 s       12.7 s
   83  Kd5           0.6 s       12.6 s
   84  Kd4           0.6 s       12.5 s
   85  Kc4           0.5 s       12.5 s
   86  Kd3           0.7 s       12.3 s
   87  Rf2           0.6 s       12.2 s
   88  Kd4           0.6 s       12.1 s
   89  Ke5           0.8 s       11.8 s
   90  Ke4           0.4 s       11.9 s
   91  Re2           0.6 s       11.8 s
   92  Kd5           0.6 s       11.6 s
   93  Rg2           0.6 s       11.6 s
   94  Ke5           0.4 s       11.6 s
   95  Ra2           0.7 s       11.4 s
   96  Rf2           0.6 s       11.4 s
   97  Rb2           0.4 s       11.4 s
   98  Kf5           0.5 s       11.4 s
   99  Ke4           0.7 s       11.2 s
  100  Ke5           0.7 s       11.0 s
  101  Kf5           0.5 s       11.0 s
  102  Ke6           0.5 s       11.0 s
  103  Kf7           0.7 s       10.9 s
  104  Ke7           0.7 s       10.6 s
  105  Kf6           0.5 s       10.7 s
  106  Kg5           0.4 s       10.8 s
  107  Rf2           0.7 s       10.6 s
  108  Kf5           0.5 s       10.6 s
  109  Ke4           0.6 s       10.5 s
  110  Rc2+          0.7 s       10.4 s
  111  Rd2           0.5 s       10.4 s
  112  Kd4           0.4 s       10.5 s
  113  Rd3+          0.5 s       10.5 s
  114  Rc3           0.6 s       10.4 s
  115  Kc4           0.5 s       10.5 s
  116  Rd3           0.4 s       10.6 s
  117  Rd4           0.7 s       10.4 s
  118  Rg4           0.4 s       10.5 s
  119  Kd4           0.7 s       10.3 s
  120  Ke5           0.7 s       10.1 s
  121  Rh4           0.4 s       10.2 s
  122  Kd4           0.4 s       10.3 s
  123  Rh3+          0.5 s       10.4 s
  124  Ke3           0.5 s       10.4 s
  125  Rh4+          0.7 s       10.2 s
  126  axb5          0.4 s       10.2 s
  127  Kf3           0.7 s       10.1 s
  128  h1=Q          0.5 s       10.1 s
  129  Rxh1          0.4 s       10.2 s
  130  Rh5           0.7 s       10.0 s
  131  Rh4           0.7 s        9.8 s
  132  Ra4           0.4 s       10.0 s
  133  Ke4           0.4 s       10.1 s
  134  Rc4           0.3 s       10.3 s
  135  Rc2+          0.6 s       10.1 s
  136  Ra2           0.4 s       10.2 s
  137  Kd3           0.5 s       10.2 s
  138  bxa6          0.5 s       10.3 s
  139  Rc2           0.6 s       10.2 s
  140  Kc3           0.2 s       10.5 s
  141  Kb3           0.0 s       11.0 s
  142  Rc1#          0.0 s       11.5 s

OUTPUT
  Nothing written to stderr

Email hello@aichessathon.com with this file if anything here is unclear.
