AI CHESSATHON MATCH LOG
=======================

MATCH
  Round          Rated 70
  Team           Karvaxis
  Colour         Black
  Opponent       AI < human
  Opening        Reti Opening
  Start FEN      rnbqk2r/ppp1bppp/4pn2/8/2Pp4/4PNP1/PPQP1PBP/RNB1K2R b KQkq - 0 6
  You moved      First
  Machine        w-4079cb
  Finished       2026-09-08 16:22:44 UTC
  Match ID       c7d82c52-7a97-487a-9d92-69aaa611bfac

INIT
  Ready in       0.6 s
  Budget         90.0 s
  Used           1 percent

CLOCK
  Base           120.0 s plus 0.5 s per move
  Moves          52
  Time used      119.5 s
  Slowest        3.9 s on move 23
  Fastest        0.0 s on move 52
  Average        2.3 s
  Left at end    26.5 s

RESULT
  Lost by checkmate
  Game lasted 248.1 s

MOVES
    #  move          time     clock left
    1  Nc6           3.1 s      117.4 s
    2  Nxd4          2.2 s      115.7 s
    3  Qxd4          1.7 s      114.6 s
    4  e5            2.7 s      112.4 s
    5  Bf5           2.3 s      110.5 s
    6  Rd8           2.5 s      108.5 s
    7  Qxd3          3.3 s      105.7 s
    8  Ng4           3.2 s      103.0 s
    9  Kf8           2.1 s      101.4 s
   10  Nxh2          1.9 s      100.0 s
   11  Ng4           3.4 s       97.1 s
   12  Nf6           1.9 s       95.6 s
   13  Bd6           2.9 s       93.3 s
   14  Be6           3.0 s       90.7 s
   15  Kg8           2.8 s       88.5 s
   16  Qxd6          3.6 s       85.3 s
   17  Rxd6          2.6 s       83.3 s
   18  Rxd1+         3.7 s       80.0 s
   19  h6            2.5 s       78.0 s
   20  Kh7           2.7 s       75.8 s
   21  Rc8           3.9 s       72.4 s
   22  Kg6           3.9 s       69.0 s
   23  Rb8           3.9 s       65.6 s
   24  Nd5           3.7 s       62.4 s
   25  Kf6           2.7 s       60.2 s
   26  fxe6          3.5 s       57.2 s
   27  Rd8           2.7 s       55.1 s
   28  Rd6           1.7 s       53.9 s
   29  Nb6           3.1 s       51.3 s
   30  cxd6          3.0 s       48.8 s
   31  Ke7           2.6 s       46.7 s
   32  Kd7           1.5 s       45.7 s
   33  Nxc8          1.8 s       44.3 s
   34  Kxc8          2.0 s       42.9 s
   35  Kc7           1.9 s       41.5 s
   36  Kc6           2.1 s       39.8 s
   37  Kc5           1.6 s       38.8 s
   38  Kb6           2.0 s       37.3 s
   39  Kc7           2.2 s       35.6 s
   40  Kc6           2.0 s       34.1 s
   41  h5            1.3 s       33.4 s
   42  Kc5           2.0 s       31.9 s
   43  d5            1.9 s       30.5 s
   44  Kc6           1.5 s       29.5 s
   45  d4            1.5 s       28.4 s
   46  Kc7           1.1 s       27.8 s
   47  Kd7           1.0 s       27.3 s
   48  Kc7           1.4 s       26.4 s
   49  Kd7           1.6 s       25.3 s
   50  Ke8           0.3 s       25.6 s
   51  Kd8           0.0 s       26.0 s
   52  Kc8           0.0 s       26.5 s

OUTPUT
  Nothing written to stderr

Email hello@aichessathon.com with this file if anything here is unclear.
