AI CHESSATHON MATCH LOG
=======================

MATCH
  Round          Rated 79
  Team           Karvaxis
  Colour         White
  Opponent       IDK
  Opening        Queen's Gambit Accepted
  Start FEN      rnbqkb1r/5ppp/p3pn2/1pp5/3P4/1BN1PN2/PP3PPP/R1BQ1RK1 b kq - 1 8
  You moved      Second
  Machine        w-978b07
  Finished       2026-09-09 10:25:28 UTC
  Match ID       8a6f9572-b9b4-4ca5-8984-f4f4a42c0b2d

INIT
  Ready in       0.5 s
  Budget         90.0 s
  Used           1 percent

CLOCK
  Base           120.0 s plus 0.5 s per move
  Moves          54
  Time used      124.1 s
  Slowest        3.8 s on move 18
  Fastest        0.0 s on move 54
  Average        2.3 s
  Left at end    22.9 s

RESULT
  Lost by checkmate
  Game lasted 217.7 s

MOVES
    #  move          time     clock left
    1  Ne2           3.1 s      117.4 s
    2  Ne5           2.5 s      115.4 s
    3  Qc2           2.4 s      113.4 s
    4  dxe5          2.3 s      111.6 s
    5  f4            3.5 s      108.6 s
    6  e4            3.5 s      105.6 s
    7  Be3           3.5 s      102.6 s
    8  Rad1          3.5 s       99.6 s
    9  Rfe1          2.9 s       97.2 s
   10  Rc1           2.7 s       95.0 s
   11  Ng3           3.6 s       91.9 s
   12  Bxa4          3.6 s       88.7 s
   13  Qxa4          3.7 s       85.6 s
   14  Qb5           3.5 s       82.6 s
   15  Rcd1          3.7 s       79.4 s
   16  Qxc6          3.7 s       76.2 s
   17  Rc1           3.7 s       72.9 s
   18  f5            3.8 s       69.7 s
   19  bxc3          3.5 s       66.7 s
   20  fxe6          2.6 s       64.6 s
   21  Rb1           2.3 s       62.8 s
   22  a4            3.3 s       60.0 s
   23  Rb2           3.4 s       57.1 s
   24  Rb3           1.8 s       55.8 s
   25  Rb7           2.1 s       54.3 s
   26  Rb6           2.8 s       52.0 s
   27  Kh1           2.6 s       49.8 s
   28  Rb8+          2.7 s       47.6 s
   29  Rxf8+         2.1 s       46.1 s
   30  Rg1           2.6 s       44.0 s
   31  Kxg1          1.6 s       42.9 s
   32  Bxc5          2.1 s       41.3 s
   33  Kf2           2.4 s       39.4 s
   34  Ke1           1.3 s       38.6 s
   35  Be3           1.5 s       37.7 s
   36  a5            1.2 s       37.0 s
   37  Nh1           1.3 s       36.2 s
   38  Kd2           1.3 s       35.4 s
   39  Kd1           2.1 s       33.8 s
   40  Kc1           1.8 s       32.5 s
   41  Kc2           1.3 s       31.8 s
   42  Nf2           1.9 s       30.4 s
   43  Kc3           0.9 s       30.0 s
   44  g3            1.7 s       28.8 s
   45  Kd2           1.7 s       27.6 s
   46  Kc3           1.0 s       27.1 s
   47  a6            1.6 s       26.0 s
   48  Kb4           1.5 s       24.9 s
   49  Ka5           1.3 s       24.1 s
   50  Kb4           1.3 s       23.3 s
   51  Kc3           0.9 s       22.9 s
   52  e5            1.4 s       22.0 s
   53  Kxd3          0.1 s       22.4 s
   54  Kc4           0.0 s       22.9 s

OUTPUT
  Nothing written to stderr

Email hello@aichessathon.com with this file if anything here is unclear.
