AI CHESSATHON MATCH LOG
=======================

MATCH
  Round          Rated 73
  Team           Karvaxis
  Colour         Black
  Opponent       Bblue
  Opening        Italian Game
  Start FEN      r1bqk2r/1pp2pp1/p1np1n1p/2b1p3/4P3/1BPP1N2/PP3PPP/RNBQR1K1 b kq - 1 8
  You moved      First
  Machine        w-4e0f8c
  Finished       2026-09-08 19:28:35 UTC
  Match ID       f286acce-c5f2-49c9-82ec-02c3fd8c8b87

INIT
  Ready in       0.5 s
  Budget         90.0 s
  Used           1 percent

CLOCK
  Base           120.0 s plus 0.5 s per move
  Moves          53
  Time used      124.7 s
  Slowest        4.0 s on move 22
  Fastest        1.1 s on move 52
  Average        2.4 s
  Left at end    21.8 s

RESULT
  Drawn by threefold repetition
  Game lasted 260.0 s

MOVES
    #  move          time     clock left
    1  Qe7           3.1 s      117.4 s
    2  exd4          2.1 s      115.8 s
    3  Bb4           3.1 s      113.2 s
    4  Bxd2          2.9 s      110.8 s
    5  Nxe4          2.1 s      109.2 s
    6  Nd8           3.4 s      106.3 s
    7  f5            3.3 s      103.6 s
    8  O-O           3.4 s      100.6 s
    9  fxe4          3.5 s       97.7 s
   10  Qxe4          2.8 s       95.4 s
   11  c6            3.0 s       92.9 s
   12  cxd5          3.5 s       89.9 s
   13  Nf7           3.6 s       86.8 s
   14  Bg4           2.5 s       84.8 s
   15  Bxf3          2.1 s       83.2 s
   16  Ne5           2.6 s       81.0 s
   17  Nf3+          2.5 s       79.0 s
   18  Nxd2          2.7 s       76.8 s
   19  Rxf4          3.1 s       74.3 s
   20  Rd8           2.8 s       71.9 s
   21  Ra4           3.1 s       69.3 s
   22  Ra3           4.0 s       65.9 s
   23  Rxd6          3.1 s       63.3 s
   24  Rxa2          2.4 s       61.4 s
   25  Kf7           2.8 s       59.2 s
   26  Rb2           3.4 s       56.3 s
   27  a5            3.0 s       53.8 s
   28  Kf6           2.6 s       51.7 s
   29  Ke6           2.6 s       49.6 s
   30  Kf6           2.9 s       47.3 s
   31  Ke6           1.8 s       46.0 s
   32  Ke5           1.7 s       44.8 s
   33  Kf5           2.4 s       42.9 s
   34  Ke6           1.4 s       42.1 s
   35  Re2+          1.9 s       40.6 s
   36  Ra2           2.4 s       38.8 s
   37  Kf5           2.3 s       37.0 s
   38  Ra3           2.2 s       35.4 s
   39  a4            1.5 s       34.3 s
   40  Kg4           1.9 s       32.9 s
   41  Kxh5          1.3 s       32.1 s
   42  Rxb3+         1.3 s       31.3 s
   43  a3            1.4 s       30.3 s
   44  Rg3           1.5 s       29.3 s
   45  Rb3           1.5 s       28.3 s
   46  Rb4+          1.7 s       27.1 s
   47  Kg4           1.5 s       26.2 s
   48  Kg5           1.5 s       25.2 s
   49  Rf4           1.3 s       24.3 s
   50  Kg6           1.2 s       23.6 s
   51  Kg5           1.1 s       23.1 s
   52  Kg6           1.1 s       22.5 s
   53  Kg5           1.1 s       21.8 s

OUTPUT
  Nothing written to stderr

Email hello@aichessathon.com with this file if anything here is unclear.
