AI CHESSATHON MATCH LOG
=======================

MATCH
  Round          Rated 69
  Team           Karvaxis
  Colour         Black
  Opponent       Tunir
  Opening        Pirc Defence
  Start FEN      rnbq1rk1/ppp1ppbp/3p1np1/8/P2PP3/2N2N2/1PP1BPPP/R1BQK2R b KQ - 0 6
  You moved      First
  Machine        w-4079cb
  Finished       2026-09-08 15:26:25 UTC
  Match ID       9619e026-d143-4456-a8d8-342a2bd7f036

INIT
  Ready in       0.6 s
  Budget         90.0 s
  Used           1 percent

CLOCK
  Base           120.0 s plus 0.5 s per move
  Moves          57
  Time used      124.9 s
  Slowest        4.0 s on move 23
  Fastest        0.0 s on move 57
  Average        2.2 s
  Left at end    23.6 s

RESULT
  Won by checkmate
  Game lasted 228.7 s

MOVES
    #  move          time     clock left
    1  e5            2.0 s      118.5 s
    2  dxe5          2.0 s      116.9 s
    3  Rxd8          2.3 s      115.1 s
    4  Nc6           3.2 s      112.4 s
    5  Bg4           2.1 s      110.8 s
    6  Bxf3          3.3 s      108.0 s
    7  Bxg2          2.1 s      106.5 s
    8  Rab8          1.9 s      105.1 s
    9  Rxd1+         2.4 s      103.2 s
   10  Bf3           2.6 s      101.1 s
   11  Bg4           3.5 s       98.1 s
   12  h6            3.5 s       95.1 s
   13  Rxb7          2.4 s       93.2 s
   14  Rxb2          2.9 s       90.8 s
   15  Be6           2.1 s       89.2 s
   16  Kh7           2.6 s       87.1 s
   17  Bxd5          2.6 s       85.0 s
   18  Rxc2          3.4 s       82.1 s
   19  Rxc5          3.1 s       79.5 s
   20  a6            3.9 s       76.1 s
   21  f5            2.3 s       74.3 s
   22  Kg8           4.0 s       70.8 s
   23  gxf5          4.0 s       67.3 s
   24  c6            3.8 s       63.9 s
   25  Kf7           3.0 s       61.4 s
   26  Ke6           3.5 s       58.4 s
   27  Kd5           2.4 s       56.5 s
   28  f4            3.2 s       53.8 s
   29  f3            2.6 s       51.7 s
   30  Kc4           2.2 s       50.0 s
   31  c5            2.6 s       47.9 s
   32  e4            2.7 s       45.7 s
   33  Kd5           2.5 s       43.6 s
   34  c4            2.5 s       41.6 s
   35  c3            2.0 s       40.1 s
   36  c2            2.0 s       38.6 s
   37  Bf6           1.4 s       37.6 s
   38  Bb2           1.7 s       36.4 s
   39  c1=Q          2.1 s       34.8 s
   40  Bxc1          2.0 s       33.2 s
   41  Ke5           1.9 s       31.9 s
   42  Kf5           1.7 s       30.6 s
   43  Kg5           1.5 s       29.6 s
   44  Kxh6          1.2 s       29.0 s
   45  Kg5           1.4 s       28.1 s
   46  Bd2           1.2 s       27.4 s
   47  Kf4           1.5 s       26.4 s
   48  e3            1.3 s       25.5 s
   49  Kxe3          1.2 s       24.8 s
   50  Ke2           0.8 s       24.5 s
   51  f2            1.2 s       23.7 s
   52  Bh6           0.6 s       23.7 s
   53  f1=Q+         1.4 s       22.7 s
   54  Be3           0.8 s       22.5 s
   55  Qg1+          0.3 s       22.7 s
   56  Bf4           0.0 s       23.1 s
   57  Qg5#          0.0 s       23.6 s

OUTPUT
  Nothing written to stderr

Email hello@aichessathon.com with this file if anything here is unclear.
